Archive member included to satisfy reference by file (symbol)

C:/Program Files (x86)/Arm GNU Toolchain arm-none-eabi/13.2 Rel1/bin/../lib/gcc/arm-none-eabi/13.2.1/thumb/v6-m/nofp\libc_nano.a(libc_a-exit.o)
                              C:/Program Files (x86)/Arm GNU Toolchain arm-none-eabi/13.2 Rel1/bin/../lib/gcc/arm-none-eabi/13.2.1/thumb/v6-m/nofp/crt0.o (exit)
C:/Program Files (x86)/Arm GNU Toolchain arm-none-eabi/13.2 Rel1/bin/../lib/gcc/arm-none-eabi/13.2.1/thumb/v6-m/nofp\libc_nano.a(libc_a-findfp.o)
                              C:/Program Files (x86)/Arm GNU Toolchain arm-none-eabi/13.2 Rel1/bin/../lib/gcc/arm-none-eabi/13.2.1/thumb/v6-m/nofp\libc_nano.a(libc_a-exit.o) (__stdio_exit_handler)
C:/Program Files (x86)/Arm GNU Toolchain arm-none-eabi/13.2 Rel1/bin/../lib/gcc/arm-none-eabi/13.2.1/thumb/v6-m/nofp\libc_nano.a(libc_a-fwalk.o)
                              C:/Program Files (x86)/Arm GNU Toolchain arm-none-eabi/13.2 Rel1/bin/../lib/gcc/arm-none-eabi/13.2.1/thumb/v6-m/nofp\libc_nano.a(libc_a-findfp.o) (_fwalk_sglue)
C:/Program Files (x86)/Arm GNU Toolchain arm-none-eabi/13.2 Rel1/bin/../lib/gcc/arm-none-eabi/13.2.1/thumb/v6-m/nofp\libc_nano.a(libc_a-stdio.o)
                              C:/Program Files (x86)/Arm GNU Toolchain arm-none-eabi/13.2 Rel1/bin/../lib/gcc/arm-none-eabi/13.2.1/thumb/v6-m/nofp\libc_nano.a(libc_a-findfp.o) (__sread)
C:/Program Files (x86)/Arm GNU Toolchain arm-none-eabi/13.2 Rel1/bin/../lib/gcc/arm-none-eabi/13.2.1/thumb/v6-m/nofp\libc_nano.a(libc_a-memset.o)
                              C:/Program Files (x86)/Arm GNU Toolchain arm-none-eabi/13.2 Rel1/bin/../lib/gcc/arm-none-eabi/13.2.1/thumb/v6-m/nofp/crt0.o (memset)
C:/Program Files (x86)/Arm GNU Toolchain arm-none-eabi/13.2 Rel1/bin/../lib/gcc/arm-none-eabi/13.2.1/thumb/v6-m/nofp\libc_nano.a(libc_a-closer.o)
                              C:/Program Files (x86)/Arm GNU Toolchain arm-none-eabi/13.2 Rel1/bin/../lib/gcc/arm-none-eabi/13.2.1/thumb/v6-m/nofp\libc_nano.a(libc_a-stdio.o) (_close_r)
C:/Program Files (x86)/Arm GNU Toolchain arm-none-eabi/13.2 Rel1/bin/../lib/gcc/arm-none-eabi/13.2.1/thumb/v6-m/nofp\libc_nano.a(libc_a-reent.o)
                              C:/Program Files (x86)/Arm GNU Toolchain arm-none-eabi/13.2 Rel1/bin/../lib/gcc/arm-none-eabi/13.2.1/thumb/v6-m/nofp\libc_nano.a(libc_a-closer.o) (errno)
C:/Program Files (x86)/Arm GNU Toolchain arm-none-eabi/13.2 Rel1/bin/../lib/gcc/arm-none-eabi/13.2.1/thumb/v6-m/nofp\libc_nano.a(libc_a-impure.o)
                              C:/Program Files (x86)/Arm GNU Toolchain arm-none-eabi/13.2 Rel1/bin/../lib/gcc/arm-none-eabi/13.2.1/thumb/v6-m/nofp\libc_nano.a(libc_a-reent.o) (_impure_ptr)
C:/Program Files (x86)/Arm GNU Toolchain arm-none-eabi/13.2 Rel1/bin/../lib/gcc/arm-none-eabi/13.2.1/thumb/v6-m/nofp\libc_nano.a(libc_a-lseekr.o)
                              C:/Program Files (x86)/Arm GNU Toolchain arm-none-eabi/13.2 Rel1/bin/../lib/gcc/arm-none-eabi/13.2.1/thumb/v6-m/nofp\libc_nano.a(libc_a-stdio.o) (_lseek_r)
C:/Program Files (x86)/Arm GNU Toolchain arm-none-eabi/13.2 Rel1/bin/../lib/gcc/arm-none-eabi/13.2.1/thumb/v6-m/nofp\libc_nano.a(libc_a-readr.o)
                              C:/Program Files (x86)/Arm GNU Toolchain arm-none-eabi/13.2 Rel1/bin/../lib/gcc/arm-none-eabi/13.2.1/thumb/v6-m/nofp\libc_nano.a(libc_a-stdio.o) (_read_r)
C:/Program Files (x86)/Arm GNU Toolchain arm-none-eabi/13.2 Rel1/bin/../lib/gcc/arm-none-eabi/13.2.1/thumb/v6-m/nofp\libc_nano.a(libc_a-writer.o)
                              C:/Program Files (x86)/Arm GNU Toolchain arm-none-eabi/13.2 Rel1/bin/../lib/gcc/arm-none-eabi/13.2.1/thumb/v6-m/nofp\libc_nano.a(libc_a-stdio.o) (_write_r)
C:/Program Files (x86)/Arm GNU Toolchain arm-none-eabi/13.2 Rel1/bin/../lib/gcc/arm-none-eabi/13.2.1/thumb/v6-m/nofp\libc_nano.a(libc_a-init.o)
                              C:/Program Files (x86)/Arm GNU Toolchain arm-none-eabi/13.2 Rel1/bin/../lib/gcc/arm-none-eabi/13.2.1/thumb/v6-m/nofp/crt0.o (__libc_init_array)
C:/Program Files (x86)/Arm GNU Toolchain arm-none-eabi/13.2 Rel1/bin/../lib/gcc/arm-none-eabi/13.2.1/thumb/v6-m/nofp\libc_nano.a(libc_a-lock.o)
                              C:/Program Files (x86)/Arm GNU Toolchain arm-none-eabi/13.2 Rel1/bin/../lib/gcc/arm-none-eabi/13.2.1/thumb/v6-m/nofp\libc_nano.a(libc_a-findfp.o) (__retarget_lock_init_recursive)
C:/Program Files (x86)/Arm GNU Toolchain arm-none-eabi/13.2 Rel1/bin/../lib/gcc/arm-none-eabi/13.2.1/thumb/v6-m/nofp\libc_nano.a(libc_a-freer.o)
                              C:/Program Files (x86)/Arm GNU Toolchain arm-none-eabi/13.2 Rel1/bin/../lib/gcc/arm-none-eabi/13.2.1/thumb/v6-m/nofp\libc_nano.a(libc_a-reent.o) (_free_r)
C:/Program Files (x86)/Arm GNU Toolchain arm-none-eabi/13.2 Rel1/bin/../lib/gcc/arm-none-eabi/13.2.1/thumb/v6-m/nofp\libc_nano.a(libc_a-mallocr.o)
[...]
Memory Configuration

Name             Origin             Length             Attributes
RAM              0x20000000         0x00000c00         xrw
FLASH            0x08000000         0x00006000         xr
*default*        0x00000000         0xffffffff

Linker script and memory map

LOAD C:/Program Files (x86)/Arm GNU Toolchain arm-none-eabi/13.2 Rel1/bin/../lib/gcc/arm-none-eabi/13.2.1/thumb/v6-m/nofp/crti.o
LOAD C:/Program Files (x86)/Arm GNU Toolchain arm-none-eabi/13.2 Rel1/bin/../lib/gcc/arm-none-eabi/13.2.1/thumb/v6-m/nofp/crtbegin.o
LOAD C:/Program Files (x86)/Arm GNU Toolchain arm-none-eabi/13.2 Rel1/bin/../lib/gcc/arm-none-eabi/13.2.1/thumb/v6-m/nofp/crt0.o
LOAD C:/Program Files (x86)/Arm GNU Toolchain arm-none-eabi/13.2 Rel1/bin/../lib/gcc/arm-none-eabi/13.2.1/thumb/v6-m/nofp\libc_nano.a
LOAD C:/Program Files (x86)/Arm GNU Toolchain arm-none-eabi/13.2 Rel1/bin/../lib/gcc/arm-none-eabi/13.2.1/thumb/v6-m/nofp\libm.a
LOAD ./Build/User/main.o
LOAD ./Build/User/py32f002b_it.o
LOAD ./Build/Libraries/PY32F002B_LL_Driver/Src/py32f002b_ll_adc.o
LOAD ./Build/Libraries/PY32F002B_LL_Driver/Src/py32f002b_ll_comp.o
LOAD ./Build/Libraries/PY32F002B_LL_Driver/Src/py32f002b_ll_crc.o
LOAD ./Build/Libraries/PY32F002B_LL_Driver/Src/py32f002b_ll_exti.o
LOAD ./Build/Libraries/PY32F002B_LL_Driver/Src/py32f002b_ll_flash.o
LOAD ./Build/Libraries/PY32F002B_LL_Driver/Src/py32f002b_ll_gpio.o
LOAD ./Build/Libraries/PY32F002B_LL_Driver/Src/py32f002b_ll_i2c.o
LOAD ./Build/Libraries/PY32F002B_LL_Driver/Src/py32f002b_ll_lptim.o
LOAD ./Build/Libraries/PY32F002B_LL_Driver/Src/py32f002b_ll_pwr.o
LOAD ./Build/Libraries/PY32F002B_LL_Driver/Src/py32f002b_ll_rcc.o
LOAD ./Build/Libraries/PY32F002B_LL_Driver/Src/py32f002b_ll_spi.o
LOAD ./Build/Libraries/PY32F002B_LL_Driver/Src/py32f002b_ll_tim.o
LOAD ./Build/Libraries/PY32F002B_LL_Driver/Src/py32f002b_ll_usart.o
LOAD ./Build/Libraries/PY32F002B_LL_Driver/Src/py32f002b_ll_utils.o
LOAD ./Build/Libraries/PY32F002B_LL_BSP/Src/py32f002b_bsp_clock.o
LOAD ./Build/Libraries/PY32F002B_LL_BSP/Src/py32f002b_bsp_printf.o
LOAD ./Build/Libraries/CMSIS/Device/PY32F0xx/Source/system_py32f002b.o
LOAD ./Build/Libraries/CMSIS/Device/PY32F0xx/Source/gcc/startup_py32f002b.o
START GROUP
LOAD C:/Program Files (x86)/Arm GNU Toolchain arm-none-eabi/13.2 Rel1/bin/../lib/gcc/arm-none-eabi/13.2.1/thumb/v6-m/nofp\libgcc.a
LOAD C:/Program Files (x86)/Arm GNU Toolchain arm-none-eabi/13.2 Rel1/bin/../lib/gcc/arm-none-eabi/13.2.1/thumb/v6-m/nofp\libc_nano.a
END GROUP
START GROUP
LOAD C:/Program Files (x86)/Arm GNU Toolchain arm-none-eabi/13.2 Rel1/bin/../lib/gcc/arm-none-eabi/13.2.1/thumb/v6-m/nofp\libgcc.a
LOAD C:/Program Files (x86)/Arm GNU Toolchain arm-none-eabi/13.2 Rel1/bin/../lib/gcc/arm-none-eabi/13.2.1/thumb/v6-m/nofp\libc_nano.a
LOAD C:/Program Files (x86)/Arm GNU Toolchain arm-none-eabi/13.2 Rel1/bin/../lib/gcc/arm-none-eabi/13.2.1/thumb/v6-m/nofp\libnosys.a
END GROUP
START GROUP
LOAD C:/Program Files (x86)/Arm GNU Toolchain arm-none-eabi/13.2 Rel1/bin/../lib/gcc/arm-none-eabi/13.2.1/thumb/v6-m/nofp\libgcc.a
LOAD C:/Program Files (x86)/Arm GNU Toolchain arm-none-eabi/13.2 Rel1/bin/../lib/gcc/arm-none-eabi/13.2.1/thumb/v6-m/nofp\libc_nano.a
LOAD C:/Program Files (x86)/Arm GNU Toolchain arm-none-eabi/13.2 Rel1/bin/../lib/gcc/arm-none-eabi/13.2.1/thumb/v6-m/nofp\libnosys.a
END GROUP
LOAD C:/Program Files (x86)/Arm GNU Toolchain arm-none-eabi/13.2 Rel1/bin/../lib/gcc/arm-none-eabi/13.2.1/thumb/v6-m/nofp/crtend.o
LOAD C:/Program Files (x86)/Arm GNU Toolchain arm-none-eabi/13.2 Rel1/bin/../lib/gcc/arm-none-eabi/13.2.1/thumb/v6-m/nofp/crtn.o
                0x20000c00                        _estack = (ORIGIN (RAM) + LENGTH (RAM))
                0x00000100                        _Min_Heap_Size = 0x100
                0x00000200                        _Min_Stack_Size = 0x200

.ram_vector
 *(.ram_vector)

.isr_vector     0x08000000       0xc0
                0x08000000                        . = ALIGN (0x4)
 *(.isr_vector)
 .isr_vector    0x08000000       0xc0 ./Build/Libraries/CMSIS/Device/PY32F0xx/Source/gcc/startup_py32f002b.o
                0x08000000                g_pfnVectors
                0x080000c0                        . = ALIGN (0x4)

.text           0x080000c0     0x4f30
                0x080000c0                        . = ALIGN (0x4)
 *(.text)
 .text          0x080000c0       0x14 C:/Program Files (x86)/Arm GNU Toolchain arm-none-eabi/13.2 Rel1/bin/../lib/gcc/arm-none-eabi/13.2.1/thumb/v6-m/nofp\libgcc.a(_thumb1_case_uqi.o)
                0x080000c0                __gnu_thumb1_case_uqi
 .text          0x080000d4       0x14 C:/Program Files (x86)/Arm GNU Toolchain arm-none-eabi/13.2 Rel1/bin/../lib/gcc/arm-none-eabi/13.2.1/thumb/v6-m/nofp\libgcc.a(_thumb1_case_uhi.o)
                0x080000d4                __gnu_thumb1_case_uhi
 .text          0x080000e8      0x114 C:/Program Files (x86)/Arm GNU Toolchain arm-none-eabi/13.2 Rel1/bin/../lib/gcc/arm-none-eabi/13.2.1/thumb/v6-m/nofp\libgcc.a(_udivsi3.o)
                0x080000e8                __aeabi_uidiv
                0x080000e8                __udivsi3
                0x080001f4                __aeabi_uidivmod
 .text          0x080001fc      0x1d4 C:/Program Files (x86)/Arm GNU Toolchain arm-none-eabi/13.2 Rel1/bin/../lib/gcc/arm-none-eabi/13.2.1/thumb/v6-m/nofp\libgcc.a(_divsi3.o)
                0x080001fc                __divsi3
                0x080001fc                __aeabi_idiv
                0x080003c8                __aeabi_idivmod
 .text          0x080003d0        0x4 C:/Program Files (x86)/Arm GNU Toolchain arm-none-eabi/13.2 Rel1/bin/../lib/gcc/arm-none-eabi/13.2.1/thumb/v6-m/nofp\libgcc.a(_dvmd_tls.o)
                0x080003d0                __aeabi_idiv0
                0x080003d0                __aeabi_ldiv0
 .text          0x080003d4       0x48 C:/Program Files (x86)/Arm GNU Toolchain arm-none-eabi/13.2 Rel1/bin/../lib/gcc/arm-none-eabi/13.2.1/thumb/v6-m/nofp\libgcc.a(_aeabi_ldivmod.o)
                0x080003d4                __aeabi_ldivmod
 .text          0x0800041c       0x18 C:/Program Files (x86)/Arm GNU Toolchain arm-none-eabi/13.2 Rel1/bin/../lib/gcc/arm-none-eabi/13.2.1/thumb/v6-m/nofp\libgcc.a(_clzdi2.o)
                0x0800041c                __clzdi2
 .text          0x08000434       0x3c C:/Program Files (x86)/Arm GNU Toolchain arm-none-eabi/13.2 Rel1/bin/../lib/gcc/arm-none-eabi/13.2.1/thumb/v6-m/nofp\libgcc.a(_clzsi2.o)
                0x08000434                __clzsi2
 .text          0x08000470        0xe C:/Program Files (x86)/Arm GNU Toolchain arm-none-eabi/13.2 Rel1/bin/../lib/gcc/arm-none-eabi/13.2.1/thumb/v6-m/nofp\libc_nano.a(libc_a-strlen.o)
                0x08000470                strlen
 *(.text*)
 *fill*         0x0800047e        0x2 
 .text.deregister_tm_clones
                0x08000480       0x20 C:/Program Files (x86)/Arm GNU Toolchain arm-none-eabi/13.2 Rel1/bin/../lib/gcc/arm-none-eabi/13.2.1/thumb/v6-m/nofp/crtbegin.o
 .text.register_tm_clones
                0x080004a0       0x28 C:/Program Files (x86)/Arm GNU Toolchain arm-none-eabi/13.2 Rel1/bin/../lib/gcc/arm-none-eabi/13.2.1/thumb/v6-m/nofp/crtbegin.o
 .text.__do_global_dtors_aux
                0x080004c8       0x2c C:/Program Files (x86)/Arm GNU Toolchain arm-none-eabi/13.2 Rel1/bin/../lib/gcc/arm-none-eabi/13.2.1/thumb/v6-m/nofp/crtbegin.o
 .text.frame_dummy
                0x080004f4       0x24 C:/Program Files (x86)/Arm GNU Toolchain arm-none-eabi/13.2 Rel1/bin/../lib/gcc/arm-none-eabi/13.2.1/thumb/v6-m/nofp/crtbegin.o
 .text.memset   0x08000518       0x10 C:/Program Files (x86)/Arm GNU Toolchain arm-none-eabi/13.2 Rel1/bin/../lib/gcc/arm-none-eabi/13.2.1/thumb/v6-m/nofp\libc_nano.a(libc_a-memset.o)
                0x08000518                memset
 .text.__libc_init_array
                0x08000528       0x48 C:/Program Files (x86)/Arm GNU Toolchain arm-none-eabi/13.2 Rel1/bin/../lib/gcc/arm-none-eabi/13.2.1/thumb/v6-m/nofp\libc_nano.a(libc_a-init.o)
                0x08000528                __libc_init_array
 .text.LL_IOP_GRP1_EnableClock
                0x08000570       0x1c ./Build/User/main.o
 .text.My_CLZ   0x0800058c       0x48 ./Build/User/main.o
 .text.log_q31  0x080005d4       0x60 ./Build/User/main.o
 .text.FLASH_Program_Page
                0x08000634       0x8c ./Build/User/main.o
 .text.FLASH_PageErase
                0x080006c0       0x44 ./Build/User/main.o
 .text.Translate_Segment
                0x08000704       0x24 ./Build/User/main.o
                0x08000704                Translate_Segment
 .text.Put_Buff_On_Display
                0x08000728       0x5c ./Build/User/main.o
                0x08000728                Put_Buff_On_Display
 .text.ADCCalibrate
                0x08000784       0xb4 ./Build/User/main.o
 .text.intexp   0x08000838      0x1f8 ./Build/User/main.o
                0x08000838                intexp
 .text.itoa     0x08000a30       0x84 ./Build/User/main.o
                0x08000a30                itoa
 .text.str2len  0x08000ab4        0x8 ./Build/User/main.o
                0x08000ab4                str2len
 .text.atoi     0x08000abc       0x80 ./Build/User/main.o
                0x08000abc                atoi
 .text.Edit_Value
                0x08000b3c      0x294 ./Build/User/main.o
                0x08000b3c                Edit_Value
 .text.Get_Temperature
                0x08000dd0      0x17c ./Build/User/main.o
                0x08000dd0                Get_Temperature
 .text.MsgBox   0x08000f4c      0x10c ./Build/User/main.o
                0x08000f4c                MsgBox
 .text.MsgBox2  0x08001058       0xf8 ./Build/User/main.o
                0x08001058                MsgBox2
 .text.Display_Menu
                0x08001150       0x7c ./Build/User/main.o
                0x08001150                Display_Menu
 .text.DisplayOptions
                0x080011cc       0xe4 ./Build/User/main.o
                0x080011cc                DisplayOptions
 .text.Edit_Scalars
                0x080012b0       0xc0 ./Build/User/main.o
                0x080012b0                Edit_Scalars
 .text.Edit_Temperatures
                0x08001370      0x200 ./Build/User/main.o
                0x08001370                Edit_Temperatures
 .text.Update_Beta
                0x08001570       0x48 ./Build/User/main.o
                0x08001570                Update_Beta
 .text.Edit_Temperatures_Simple
                0x080015b8      0x1b0 ./Build/User/main.o
                0x080015b8                Edit_Temperatures_Simple
 .text.Align_Right
                0x08001768       0x28 ./Build/User/main.o
                0x08001768                Align_Right
 .text.Edit_Value_Simple
                0x08001790      0x15c ./Build/User/main.o
                0x08001790                Edit_Value_Simple
 .text.Prepare_Boundaries
                0x080018ec       0x6c ./Build/User/main.o
                0x080018ec                Prepare_Boundaries
 .text.Calculate_CRC
                0x08001958       0x3c ./Build/User/main.o
                0x08001958                Calculate_CRC
 .text.Default_Params
                0x08001994      0x144 ./Build/User/main.o
                0x08001994                Default_Params
 .text.Are_Settings_OK
                0x08001ad8       0x40 ./Build/User/main.o
                0x08001ad8                Are_Settings_OK
 .text.Lookfor_Profiles
                0x08001b18       0x38 ./Build/User/main.o
                0x08001b18                Lookfor_Profiles
 .text.Flash_Config
                0x08001b50       0xdc ./Build/User/main.o
                0x08001b50                Flash_Config
 .text.Unselect_Profile
                0x08001c2c       0x60 ./Build/User/main.o
                0x08001c2c                Unselect_Profile
 .text.Save_Context
                0x08001c8c       0xc4 ./Build/User/main.o
                0x08001c8c                Save_Context
 .text.Load_Context
                0x08001d50       0x60 ./Build/User/main.o
                0x08001d50                Load_Context
 .text.Erase_Profiles
                0x08001db0       0x54 ./Build/User/main.o
                0x08001db0                Erase_Profiles
 .text.Are_Settings_Changed
                0x08001e04      0x1f4 ./Build/User/main.o
                0x08001e04                Are_Settings_Changed
 .text.startup.main
                0x08001ff8     0x1fb4 ./Build/User/main.o
                0x08001ff8                main
 .text.NMI_Handler
                0x08003fac        0x2 ./Build/User/py32f002b_it.o
                0x08003fac                NMI_Handler
 .text.HardFault_Handler
                0x08003fae        0x2 ./Build/User/py32f002b_it.o
                0x08003fae                HardFault_Handler
 .text.SVC_Handler
                0x08003fb0        0x2 ./Build/User/py32f002b_it.o
                0x08003fb0                SVC_Handler
 .text.PendSV_Handler
                0x08003fb2        0x2 ./Build/User/py32f002b_it.o
                0x08003fb2                PendSV_Handler
 .text.SysTick_Handler
                0x08003fb4      0x9fc ./Build/User/py32f002b_it.o
                0x08003fb4                SysTick_Handler
 .text.Filter_Init
                0x080049b0        0xc ./Build/User/py32f002b_it.o
                0x080049b0                Filter_Init
 .text.Filter   0x080049bc       0x68 ./Build/User/py32f002b_it.o
                0x080049bc                Filter
 .text.ADC_COMP_IRQHandler
                0x08004a24       0x3c ./Build/User/py32f002b_it.o
                0x08004a24                ADC_COMP_IRQHandler
 .text.LL_FLASH_Unlock
                0x08004a60       0x24 ./Build/Libraries/PY32F002B_LL_Driver/Src/py32f002b_ll_flash.o
                0x08004a60                LL_FLASH_Unlock
 .text.LL_FLASH_Lock
                0x08004a84       0x18 ./Build/Libraries/PY32F002B_LL_Driver/Src/py32f002b_ll_flash.o
                0x08004a84                LL_FLASH_Lock
 .text.LL_FLASH_OB_Unlock
                0x08004a9c       0x28 ./Build/Libraries/PY32F002B_LL_Driver/Src/py32f002b_ll_flash.o
                0x08004a9c                LL_FLASH_OB_Unlock
 .text.LL_FLASH_OB_Lock
                0x08004ac4       0x1c ./Build/Libraries/PY32F002B_LL_Driver/Src/py32f002b_ll_flash.o
                0x08004ac4                LL_FLASH_OB_Lock
 .text.LL_FLASH_OB_Launch
                0x08004ae0       0x14 ./Build/Libraries/PY32F002B_LL_Driver/Src/py32f002b_ll_flash.o
                0x08004ae0                LL_FLASH_OB_Launch
 .text.FLASH_WaitForLastOperation
                0x08004af4       0x34 ./Build/Libraries/PY32F002B_LL_Driver/Src/py32f002b_ll_flash.o
                0x08004af4                FLASH_WaitForLastOperation
 .text.LL_FLASH_OBProgram
                0x08004b28      0x13c ./Build/Libraries/PY32F002B_LL_Driver/Src/py32f002b_ll_flash.o
                0x08004b28                LL_FLASH_OBProgram
 .text.LL_mDelay
                0x08004c64       0x2c ./Build/Libraries/PY32F002B_LL_Driver/Src/py32f002b_ll_utils.o
                0x08004c64                LL_mDelay
 .text.LL_SetSystemCoreClock
                0x08004c90        0xc ./Build/Libraries/PY32F002B_LL_Driver/Src/py32f002b_ll_utils.o
                0x08004c90                LL_SetSystemCoreClock
 .text.SystemInit
                0x08004c9c       0x58 ./Build/Libraries/CMSIS/Device/PY32F0xx/Source/system_py32f002b.o
                0x08004c9c                SystemInit
 .text.Reset_Handler
                0x08004cf4       0x50 ./Build/Libraries/CMSIS/Device/PY32F0xx/Source/gcc/startup_py32f002b.o
                0x08004cf4                Reset_Handler
 .text.Default_Handler
                0x08004d44        0x2 ./Build/Libraries/CMSIS/Device/PY32F0xx/Source/gcc/startup_py32f002b.o
                0x08004d44                TIM1_CC_IRQHandler
                0x08004d44                I2C1_IRQHandler
                0x08004d44                SPI1_IRQHandler
                0x08004d44                EXTI2_3_IRQHandler
                0x08004d44                EXTI4_15_IRQHandler
                0x08004d44                RCC_IRQHandler
                0x08004d44                Default_Handler
                0x08004d44                TIM14_IRQHandler
                0x08004d44                EXTI0_1_IRQHandler
                0x08004d44                FLASH_IRQHandler
                0x08004d44                USART1_IRQHandler
                0x08004d44                TIM1_BRK_UP_TRG_COM_IRQHandler
                0x08004d44                LPTIM1_IRQHandler
 *fill*         0x08004d46        0x2 
 .text.__muldi3
                0x08004d48       0x5c C:/Program Files (x86)/Arm GNU Toolchain arm-none-eabi/13.2 Rel1/bin/../lib/gcc/arm-none-eabi/13.2.1/thumb/v6-m/nofp\libgcc.a(_muldi3.o)
                0x08004d48                __muldi3
                0x08004d48                __aeabi_lmul
 .text.__gnu_ldivmod_helper
                0x08004da4       0x3c C:/Program Files (x86)/Arm GNU Toolchain arm-none-eabi/13.2 Rel1/bin/../lib/gcc/arm-none-eabi/13.2.1/thumb/v6-m/nofp\libgcc.a(bpabi.o)
                0x08004da4                __gnu_ldivmod_helper
 .text.__divdi3
                0x08004de0      0x1e4 C:/Program Files (x86)/Arm GNU Toolchain arm-none-eabi/13.2 Rel1/bin/../lib/gcc/arm-none-eabi/13.2.1/thumb/v6-m/nofp\libgcc.a(_divdi3.o)
                0x08004de0                __divdi3
 .text.memcpy   0x08004fc4       0x12 C:/Program Files (x86)/Arm GNU Toolchain arm-none-eabi/13.2 Rel1/bin/../lib/gcc/arm-none-eabi/13.2.1/thumb/v6-m/nofp\libc_nano.a(libc_a-memcpy-stub.o)
                0x08004fc4                memcpy
 *(.glue_7)
 .glue_7        0x08004fd6        0x0 linker stubs
 *(.glue_7t)
 .glue_7t       0x08004fd6        0x0 linker stubs
 *(.eh_frame)
 *fill*         0x08004fd6        0x2 
 .eh_frame      0x08004fd8        0x0 C:/Program Files (x86)/Arm GNU Toolchain arm-none-eabi/13.2 Rel1/bin/../lib/gcc/arm-none-eabi/13.2.1/thumb/v6-m/nofp/crtbegin.o
 *(.init)
 .init          0x08004fd8        0x4 C:/Program Files (x86)/Arm GNU Toolchain arm-none-eabi/13.2 Rel1/bin/../lib/gcc/arm-none-eabi/13.2.1/thumb/v6-m/nofp/crti.o
                0x08004fd8                _init
 .init          0x08004fdc        0x8 C:/Program Files (x86)/Arm GNU Toolchain arm-none-eabi/13.2 Rel1/bin/../lib/gcc/arm-none-eabi/13.2.1/thumb/v6-m/nofp/crtn.o
 *(.fini)
 .fini          0x08004fe4        0x4 C:/Program Files (x86)/Arm GNU Toolchain arm-none-eabi/13.2 Rel1/bin/../lib/gcc/arm-none-eabi/13.2.1/thumb/v6-m/nofp/crti.o
                0x08004fe4                _fini
 .fini          0x08004fe8        0x8 C:/Program Files (x86)/Arm GNU Toolchain arm-none-eabi/13.2 Rel1/bin/../lib/gcc/arm-none-eabi/13.2.1/thumb/v6-m/nofp/crtn.o
                0x08004ff0                        . = ALIGN (0x4)
                0x08004ff0                        _etext = .

.vfp11_veneer   0x08004ff0        0x0
 .vfp11_veneer  0x08004ff0        0x0 linker stubs

.v4_bx          0x08004ff0        0x0
 .v4_bx         0x08004ff0        0x0 linker stubs

.iplt           0x08004ff0        0x0
 .iplt          0x08004ff0        0x0 C:/Program Files (x86)/Arm GNU Toolchain arm-none-eabi/13.2 Rel1/bin/../lib/gcc/arm-none-eabi/13.2.1/thumb/v6-m/nofp/crtbegin.o

.rodata         0x08004ff0      0xa68
                0x08004ff0                        . = ALIGN (0x4)
 *(.rodata)
 .rodata        0x08004ff0       0x28 ./Build/User/main.o
 *(.rodata*)
 .rodata.Edit_Value.str1.1
                0x08005018      0x9aa ./Build/User/main.o
                                  0xe (size before relaxing)
 .rodata.clz_lkup.0
                0x080059c2       0x10 ./Build/User/main.o
 .rodata.Seg_Translate
                0x080059d2       0x66 ./Build/User/main.o
                0x080059d2                Seg_Translate
 .rodata.str1.1
                0x08005a38      0x9a6 ./Build/User/main.o
 .rodata._FlashTimmingParam
                0x08005a38       0x20 ./Build/Libraries/PY32F002B_LL_Driver/Src/py32f002b_ll_flash.o
                0x08005a38                _FlashTimmingParam
                0x080063e0                        . = ALIGN (0x4)

.ARM.extab
 *(.ARM.extab* .gnu.linkonce.armextab.*)

.ARM            0x08005a58        0x8
                0x08005a58                        __exidx_start = .
 *(.ARM.exidx*)
 .ARM.exidx.text.__divdi3
                0x08005a58        0x8 C:/Program Files (x86)/Arm GNU Toolchain arm-none-eabi/13.2 Rel1/bin/../lib/gcc/arm-none-eabi/13.2.1/thumb/v6-m/nofp\libgcc.a(_divdi3.o)
                0x08005a60                        __exidx_end = .

.rel.dyn        0x08005a60        0x0
 .rel.iplt      0x08005a60        0x0 C:/Program Files (x86)/Arm GNU Toolchain arm-none-eabi/13.2 Rel1/bin/../lib/gcc/arm-none-eabi/13.2.1/thumb/v6-m/nofp/crtbegin.o

.preinit_array  0x08005a60        0x0
                0x08005a60                        PROVIDE (__preinit_array_start = .)
 *(.preinit_array*)
                0x08005a60                        PROVIDE (__preinit_array_end = .)

.init_array     0x08005a60        0x4
                0x08005a60                        PROVIDE (__init_array_start = .)
 *(SORT_BY_NAME(.init_array.*))
 *(.init_array*)
 .init_array    0x08005a60        0x4 C:/Program Files (x86)/Arm GNU Toolchain arm-none-eabi/13.2 Rel1/bin/../lib/gcc/arm-none-eabi/13.2.1/thumb/v6-m/nofp/crtbegin.o
                0x08005a64                        PROVIDE (__init_array_end = .)

.fini_array     0x08005a64        0x4
                [!provide]                        PROVIDE (__fini_array_start = .)
 *(SORT_BY_NAME(.fini_array.*))
 *(.fini_array*)
 .fini_array    0x08005a64        0x4 C:/Program Files (x86)/Arm GNU Toolchain arm-none-eabi/13.2 Rel1/bin/../lib/gcc/arm-none-eabi/13.2.1/thumb/v6-m/nofp/crtbegin.o
                [!provide]                        PROVIDE (__fini_array_end = .)
                0x08005a68                        _sidata = LOADADDR (.data)

.data           0x20000000      0x394 load address 0x08005a68
                0x20000000                        . = ALIGN (0x4)
                0x20000000                        _sdata = .
 *(.data)
 *(.data*)
 .data.Params_Buffer
                0x20000000       0x80 ./Build/User/main.o
                0x20000000                Params_Buffer
 .data.Profile_Statuses
                0x20000080       0x14 ./Build/User/main.o
                0x20000080                Profile_Statuses
 .data.Profiles
                0x20000094       0x14 ./Build/User/main.o
                0x20000094                Profiles
 .data.p_roll   0x200000a8        0x4 ./Build/User/main.o
                0x200000a8                p_roll
 .data.Display1
                0x200000ac        0x4 ./Build/User/main.o
                0x200000ac                Display1
 .data.Display  0x200000b0       0x40 ./Build/User/main.o
                0x200000b0                Display
 .data.Analog_Read
                0x200000f0        0x4 ./Build/User/main.o
                0x200000f0                Analog_Read
 .data.MsgStrSp
                0x200000f4      0x148 ./Build/User/main.o
                0x200000f4                MsgStrSp
 .data.MsgStrEn
                0x2000023c      0x148 ./Build/User/main.o
                0x2000023c                MsgStrEn
 .data.ADC_Cal_Time
                0x20000384        0x4 ./Build/User/py32f002b_it.o
 .data.Active   0x20000388        0x4 ./Build/User/py32f002b_it.o
 .data.Filter_state
                0x2000038c        0x4 ./Build/User/py32f002b_it.o
 .data.SystemCoreClock
                0x20000390        0x4 ./Build/Libraries/CMSIS/Device/PY32F0xx/Source/system_py32f002b.o
                0x20000390                SystemCoreClock
                0x20000394                        . = ALIGN (0x4)
                0x20000394                        _edata = .

.tm_clone_table
                0x20000394        0x0 load address 0x08005dfc
 .tm_clone_table
                0x20000394        0x0 C:/Program Files (x86)/Arm GNU Toolchain arm-none-eabi/13.2 Rel1/bin/../lib/gcc/arm-none-eabi/13.2.1/thumb/v6-m/nofp/crtbegin.o
 .tm_clone_table
                0x20000394        0x0 C:/Program Files (x86)/Arm GNU Toolchain arm-none-eabi/13.2 Rel1/bin/../lib/gcc/arm-none-eabi/13.2.1/thumb/v6-m/nofp/crtend.o

.igot.plt       0x20000394        0x0 load address 0x08005dfc
 .igot.plt      0x20000394        0x0 C:/Program Files (x86)/Arm GNU Toolchain arm-none-eabi/13.2 Rel1/bin/../lib/gcc/arm-none-eabi/13.2.1/thumb/v6-m/nofp/crtbegin.o
                0x20000394                        . = ALIGN (0x4)

.bss            0x20000394      0x160 load address 0x08005dfc
                0x20000394                        _sbss = .
                0x20000394                        __bss_start__ = _sbss
 *(.bss)
 *(.bss*)
 .bss.completed.1
                0x20000394        0x1 C:/Program Files (x86)/Arm GNU Toolchain arm-none-eabi/13.2 Rel1/bin/../lib/gcc/arm-none-eabi/13.2.1/thumb/v6-m/nofp/crtbegin.o
 *fill*         0x20000395        0x3 
 .bss.object.0  0x20000398       0x18 C:/Program Files (x86)/Arm GNU Toolchain arm-none-eabi/13.2 Rel1/bin/../lib/gcc/arm-none-eabi/13.2.1/thumb/v6-m/nofp/crtbegin.o
 .bss.W1209PY   0x200003b0       0x38 ./Build/User/main.o
                0x200003b0                W1209PY
 .bss.NTC       0x200003e8       0x40 ./Build/User/main.o
                0x200003e8                NTC
 .bss.Calibration_Flag
                0x20000428        0x4 ./Build/User/main.o
                0x20000428                Calibration_Flag
 .bss.Alarm_Flag
                0x2000042c        0x4 ./Build/User/main.o
                0x2000042c                Alarm_Flag
 .bss.Active_Profile
                0x20000430        0x4 ./Build/User/main.o
                0x20000430                Active_Profile
 .bss.Cleaning  0x20000434        0x4 ./Build/User/main.o
                0x20000434                Cleaning
 .bss.Program_Menu
                0x20000438        0x4 ./Build/User/main.o
                0x20000438                Program_Menu
 .bss.BF_Edit   0x2000043c        0x4 ./Build/User/main.o
                0x2000043c                BF_Edit
 .bss.Aux2      0x20000440        0x4 ./Build/User/main.o
                0x20000440                Aux2
 .bss.Aux       0x20000444        0x4 ./Build/User/main.o
                0x20000444                Aux
 .bss.p_aux     0x20000448        0x4 ./Build/User/main.o
                0x20000448                p_aux
 .bss.Anykey    0x2000044c        0x4 ./Build/User/main.o
                0x2000044c                Anykey
 .bss.Cnt_BPlus
                0x20000450        0x4 ./Build/User/main.o
                0x20000450                Cnt_BPlus
 .bss.Cnt_BMinus
                0x20000454        0x4 ./Build/User/main.o
                0x20000454                Cnt_BMinus
 .bss.Cnt_BSet  0x20000458        0x4 ./Build/User/main.o
                0x20000458                Cnt_BSet
 .bss.Pressed_BPlus
                0x2000045c        0x4 ./Build/User/main.o
                0x2000045c                Pressed_BPlus
 .bss.Pressed_BMinus
                0x20000460        0x4 ./Build/User/main.o
                0x20000460                Pressed_BMinus
 .bss.Pressed_BSet
                0x20000464        0x4 ./Build/User/main.o
                0x20000464                Pressed_BSet
 .bss.Disp_Chars
                0x20000468        0x3 ./Build/User/main.o
                0x20000468                Disp_Chars
 *fill*         0x2000046b        0x1 
 .bss.Turn_Off_Temp
                0x2000046c        0x4 ./Build/User/main.o
                0x2000046c                Turn_Off_Temp
 .bss.Turn_On_Temp
                0x20000470        0x4 ./Build/User/main.o
                0x20000470                Turn_On_Temp
 .bss.BK_Beeper_Flag
                0x20000474        0x4 ./Build/User/main.o
                0x20000474                BK_Beeper_Flag
 .bss.BK_Alarm_Flag
                0x20000478        0x4 ./Build/User/main.o
                0x20000478                BK_Alarm_Flag
 .bss.BK_Flashing_Flag
                0x2000047c        0x4 ./Build/User/main.o
                0x2000047c                BK_Flashing_Flag
 .bss.BK_Roll_Flag
                0x20000480        0x4 ./Build/User/main.o
                0x20000480                BK_Roll_Flag
 .bss.BK_System_Ready
                0x20000484        0x4 ./Build/User/main.o
                0x20000484                BK_System_Ready
 .bss.BK_ADC_Ready
                0x20000488        0x4 ./Build/User/main.o
                0x20000488                BK_ADC_Ready
 .bss.System_Ready
                0x2000048c        0x4 ./Build/User/main.o
                0x2000048c                System_Ready
 .bss.ADC_Ready
                0x20000490        0x4 ./Build/User/main.o
                0x20000490                ADC_Ready
 .bss.Analog_Flag
                0x20000494        0x4 ./Build/User/main.o
                0x20000494                Analog_Flag
 .bss.D3Flash   0x20000498        0x4 ./Build/User/main.o
                0x20000498                D3Flash
 .bss.D2Flash   0x2000049c        0x4 ./Build/User/main.o
                0x2000049c                D2Flash
 .bss.D1Flash   0x200004a0        0x4 ./Build/User/main.o
                0x200004a0                D1Flash
 .bss.Flashing_Flag
                0x200004a4        0x4 ./Build/User/main.o
                0x200004a4                Flashing_Flag
 .bss.Beeper_Flag
                0x200004a8        0x4 ./Build/User/main.o
                0x200004a8                Beeper_Flag
 .bss.Roll_Flag
                0x200004ac        0x4 ./Build/User/main.o
                0x200004ac                Roll_Flag
 .bss.Timeout   0x200004b0        0x4 ./Build/User/main.o
                0x200004b0                Timeout
 .bss.Roll_Timer
                0x200004b4        0x4 ./Build/User/main.o
                0x200004b4                Roll_Timer
 .bss.Tick_Flag
                0x200004b8        0x4 ./Build/User/main.o
                0x200004b8                Tick_Flag
 .bss.Multiplex
                0x200004bc        0x4 ./Build/User/main.o
                0x200004bc                Multiplex
 .bss.Action_Delay_On
                0x200004c0        0x4 ./Build/User/main.o
                0x200004c0                Action_Delay_On
 .bss.Action_Delay_Off
                0x200004c4        0x4 ./Build/User/main.o
                0x200004c4                Action_Delay_Off
 .bss.Action_Timer_Off
                0x200004c8        0x4 ./Build/User/main.o
                0x200004c8                Action_Timer_Off
 .bss.Action_Timer_On
                0x200004cc        0x4 ./Build/User/main.o
                0x200004cc                Action_Timer_On
 .bss.Tick_Timer
                0x200004d0        0x4 ./Build/User/main.o
                0x200004d0                Tick_Timer
 .bss.MsgStr    0x200004d4        0x4 ./Build/User/main.o
                0x200004d4                MsgStr
 .bss.OneSec_Ticker
                0x200004d8        0x4 ./Build/User/py32f002b_it.o
 .bss.pFlash    0x200004dc       0x18 ./Build/Libraries/PY32F002B_LL_Driver/Src/py32f002b_ll_flash.o
                0x200004dc                pFlash
 *(COMMON)
                0x200004f4                        . = ALIGN (0x4)
                0x200004f4                        _ebss = .
                0x200004f4                        __bss_end__ = _ebss

._user_heap_stack
                0x200004f4      0x304 load address 0x08005dfc
                0x200004f8                        . = ALIGN (0x8)
 *fill*         0x200004f4        0x4 
                0x200004f8                        PROVIDE (end = .)
                [!provide]                        PROVIDE (_end = .)
                0x200005f8                        . = (. + _Min_Heap_Size)
 *fill*         0x200004f8      0x100 
                0x200007f8                        . = (. + _Min_Stack_Size)
 *fill*         0x200005f8      0x200 
                0x200007f8                        . = ALIGN (0x8)

/DISCARD/
 libc.a(*)
 libm.a(*)
 libgcc.a(*)

.ARM.attributes
                0x00000000       0x28
 *(.ARM.attributes)
 .ARM.attributes
                0x00000000       0x1e C:/Program Files (x86)/Arm GNU Toolchain arm-none-eabi/13.2 Rel1/bin/../lib/gcc/arm-none-eabi/13.2.1/thumb/v6-m/nofp/crti.o
 .ARM.attributes
                0x0000001e       0x2c C:/Program Files (x86)/Arm GNU Toolchain arm-none-eabi/13.2 Rel1/bin/../lib/gcc/arm-none-eabi/13.2.1/thumb/v6-m/nofp/crtbegin.o
 .ARM.attributes
                0x0000004a       0x2c C:/Program Files (x86)/Arm GNU Toolchain arm-none-eabi/13.2 Rel1/bin/../lib/gcc/arm-none-eabi/13.2.1/thumb/v6-m/nofp\libc_nano.a(libc_a-memset.o)
 .ARM.attributes
                0x00000076       0x2c C:/Program Files (x86)/Arm GNU Toolchain arm-none-eabi/13.2 Rel1/bin/../lib/gcc/arm-none-eabi/13.2.1/thumb/v6-m/nofp\libc_nano.a(libc_a-init.o)
 .ARM.attributes
                0x000000a2       0x2c ./Build/User/main.o
 .ARM.attributes
                0x000000ce       0x2c ./Build/User/py32f002b_it.o
 .ARM.attributes
                0x000000fa       0x2c ./Build/Libraries/PY32F002B_LL_Driver/Src/py32f002b_ll_flash.o
 .ARM.attributes
                0x00000126       0x2c ./Build/Libraries/PY32F002B_LL_Driver/Src/py32f002b_ll_utils.o
 .ARM.attributes
                0x00000152       0x2c ./Build/Libraries/CMSIS/Device/PY32F0xx/Source/system_py32f002b.o
 .ARM.attributes
                0x0000017e       0x22 ./Build/Libraries/CMSIS/Device/PY32F0xx/Source/gcc/startup_py32f002b.o
 .ARM.attributes
                0x000001a0       0x1e C:/Program Files (x86)/Arm GNU Toolchain arm-none-eabi/13.2 Rel1/bin/../lib/gcc/arm-none-eabi/13.2.1/thumb/v6-m/nofp\libgcc.a(_thumb1_case_uqi.o)
 .ARM.attributes
                0x000001be       0x1e C:/Program Files (x86)/Arm GNU Toolchain arm-none-eabi/13.2 Rel1/bin/../lib/gcc/arm-none-eabi/13.2.1/thumb/v6-m/nofp\libgcc.a(_thumb1_case_uhi.o)
 .ARM.attributes
                0x000001dc       0x1e C:/Program Files (x86)/Arm GNU Toolchain arm-none-eabi/13.2 Rel1/bin/../lib/gcc/arm-none-eabi/13.2.1/thumb/v6-m/nofp\libgcc.a(_udivsi3.o)
 .ARM.attributes
                0x000001fa       0x1e C:/Program Files (x86)/Arm GNU Toolchain arm-none-eabi/13.2 Rel1/bin/../lib/gcc/arm-none-eabi/13.2.1/thumb/v6-m/nofp\libgcc.a(_divsi3.o)
 .ARM.attributes
                0x00000218       0x1e C:/Program Files (x86)/Arm GNU Toolchain arm-none-eabi/13.2 Rel1/bin/../lib/gcc/arm-none-eabi/13.2.1/thumb/v6-m/nofp\libgcc.a(_dvmd_tls.o)
 .ARM.attributes
                0x00000236       0x1e C:/Program Files (x86)/Arm GNU Toolchain arm-none-eabi/13.2 Rel1/bin/../lib/gcc/arm-none-eabi/13.2.1/thumb/v6-m/nofp\libgcc.a(_aeabi_ldivmod.o)
 .ARM.attributes
                0x00000254       0x2c C:/Program Files (x86)/Arm GNU Toolchain arm-none-eabi/13.2 Rel1/bin/../lib/gcc/arm-none-eabi/13.2.1/thumb/v6-m/nofp\libgcc.a(_muldi3.o)
 .ARM.attributes
                0x00000280       0x2c C:/Program Files (x86)/Arm GNU Toolchain arm-none-eabi/13.2 Rel1/bin/../lib/gcc/arm-none-eabi/13.2.1/thumb/v6-m/nofp\libgcc.a(bpabi.o)
 .ARM.attributes
                0x000002ac       0x2c C:/Program Files (x86)/Arm GNU Toolchain arm-none-eabi/13.2 Rel1/bin/../lib/gcc/arm-none-eabi/13.2.1/thumb/v6-m/nofp\libgcc.a(_divdi3.o)
 .ARM.attributes
                0x000002d8       0x1e C:/Program Files (x86)/Arm GNU Toolchain arm-none-eabi/13.2 Rel1/bin/../lib/gcc/arm-none-eabi/13.2.1/thumb/v6-m/nofp\libgcc.a(_clzdi2.o)
 .ARM.attributes
                0x000002f6       0x1e C:/Program Files (x86)/Arm GNU Toolchain arm-none-eabi/13.2 Rel1/bin/../lib/gcc/arm-none-eabi/13.2.1/thumb/v6-m/nofp\libgcc.a(_clzsi2.o)
 .ARM.attributes
                0x00000314       0x2c C:/Program Files (x86)/Arm GNU Toolchain arm-none-eabi/13.2 Rel1/bin/../lib/gcc/arm-none-eabi/13.2.1/thumb/v6-m/nofp\libc_nano.a(libc_a-memcpy-stub.o)
 .ARM.attributes
                0x00000340       0x1c C:/Program Files (x86)/Arm GNU Toolchain arm-none-eabi/13.2 Rel1/bin/../lib/gcc/arm-none-eabi/13.2.1/thumb/v6-m/nofp\libc_nano.a(libc_a-strlen.o)
 .ARM.attributes
                0x0000035c       0x2c C:/Program Files (x86)/Arm GNU Toolchain arm-none-eabi/13.2 Rel1/bin/../lib/gcc/arm-none-eabi/13.2.1/thumb/v6-m/nofp/crtend.o
 .ARM.attributes
                0x00000388       0x1e C:/Program Files (x86)/Arm GNU Toolchain arm-none-eabi/13.2 Rel1/bin/../lib/gcc/arm-none-eabi/13.2.1/thumb/v6-m/nofp/crtn.o
OUTPUT(Build/W1209PY32.elf elf32-littlearm)
LOAD linker stubs
LOAD C:/Program Files (x86)/Arm GNU Toolchain arm-none-eabi/13.2 Rel1/bin/../lib/gcc/arm-none-eabi/13.2.1/thumb/v6-m/nofp\libc.a
LOAD C:/Program Files (x86)/Arm GNU Toolchain arm-none-eabi/13.2 Rel1/bin/../lib/gcc/arm-none-eabi/13.2.1/thumb/v6-m/nofp\libm.a
LOAD C:/Program Files (x86)/Arm GNU Toolchain arm-none-eabi/13.2 Rel1/bin/../lib/gcc/arm-none-eabi/13.2.1/thumb/v6-m/nofp\libgcc.a

.debug_frame    0x00000000      0x904
 .debug_frame   0x00000000       0x20 C:/Program Files (x86)/Arm GNU Toolchain arm-none-eabi/13.2 Rel1/bin/../lib/gcc/arm-none-eabi/13.2.1/thumb/v6-m/nofp\libc_nano.a(libc_a-memset.o)
 .debug_frame   0x00000020       0x2c C:/Program Files (x86)/Arm GNU Toolchain arm-none-eabi/13.2 Rel1/bin/../lib/gcc/arm-none-eabi/13.2.1/thumb/v6-m/nofp\libc_nano.a(libc_a-init.o)
 .debug_frame   0x0000004c      0x448 ./Build/User/main.o
 .debug_frame   0x00000494       0xb4 ./Build/User/py32f002b_it.o
 .debug_frame   0x00000548      0x20c ./Build/Libraries/PY32F002B_LL_Driver/Src/py32f002b_ll_flash.o
 .debug_frame   0x00000754       0x64 ./Build/Libraries/PY32F002B_LL_Driver/Src/py32f002b_ll_utils.o
 .debug_frame   0x000007b8       0x3c ./Build/Libraries/CMSIS/Device/PY32F0xx/Source/system_py32f002b.o
 .debug_frame   0x000007f4       0x20 C:/Program Files (x86)/Arm GNU Toolchain arm-none-eabi/13.2 Rel1/bin/../lib/gcc/arm-none-eabi/13.2.1/thumb/v6-m/nofp\libgcc.a(_udivsi3.o)
 .debug_frame   0x00000814       0x20 C:/Program Files (x86)/Arm GNU Toolchain arm-none-eabi/13.2 Rel1/bin/../lib/gcc/arm-none-eabi/13.2.1/thumb/v6-m/nofp\libgcc.a(_divsi3.o)
 .debug_frame   0x00000834       0x34 C:/Program Files (x86)/Arm GNU Toolchain arm-none-eabi/13.2 Rel1/bin/../lib/gcc/arm-none-eabi/13.2.1/thumb/v6-m/nofp\libgcc.a(_muldi3.o)
 .debug_frame   0x00000868       0x38 C:/Program Files (x86)/Arm GNU Toolchain arm-none-eabi/13.2 Rel1/bin/../lib/gcc/arm-none-eabi/13.2.1/thumb/v6-m/nofp\libgcc.a(bpabi.o)
 .debug_frame   0x000008a0       0x3c C:/Program Files (x86)/Arm GNU Toolchain arm-none-eabi/13.2 Rel1/bin/../lib/gcc/arm-none-eabi/13.2.1/thumb/v6-m/nofp\libgcc.a(_divdi3.o)
 .debug_frame   0x000008dc       0x28 C:/Program Files (x86)/Arm GNU Toolchain arm-none-eabi/13.2 Rel1/bin/../lib/gcc/arm-none-eabi/13.2.1/thumb/v6-m/nofp\libc_nano.a(libc_a-memcpy-stub.o)

.debug_info     0x00000000     0x9174
 .debug_info    0x00000000     0x5895 ./Build/User/main.o
 .debug_info    0x00005895     0x2008 ./Build/User/py32f002b_it.o
 .debug_info    0x0000789d      0xffd ./Build/Libraries/PY32F002B_LL_Driver/Src/py32f002b_ll_flash.o
 .debug_info    0x0000889a      0x487 ./Build/Libraries/PY32F002B_LL_Driver/Src/py32f002b_ll_utils.o
 .debug_info    0x00008d21      0x421 ./Build/Libraries/CMSIS/Device/PY32F0xx/Source/system_py32f002b.o
 .debug_info    0x00009142       0x32 ./Build/Libraries/CMSIS/Device/PY32F0xx/Source/gcc/startup_py32f002b.o

.debug_abbrev   0x00000000     0x1079
 .debug_abbrev  0x00000000      0x5c2 ./Build/User/main.o
 .debug_abbrev  0x000005c2      0x2d1 ./Build/User/py32f002b_it.o
 .debug_abbrev  0x00000893      0x3df ./Build/Libraries/PY32F002B_LL_Driver/Src/py32f002b_ll_flash.o
 .debug_abbrev  0x00000c72      0x26a ./Build/Libraries/PY32F002B_LL_Driver/Src/py32f002b_ll_utils.o
 .debug_abbrev  0x00000edc      0x179 ./Build/Libraries/CMSIS/Device/PY32F0xx/Source/system_py32f002b.o
 .debug_abbrev  0x00001055       0x24 ./Build/Libraries/CMSIS/Device/PY32F0xx/Source/gcc/startup_py32f002b.o

.debug_loc      0x00000000     0x5a6d
 .debug_loc     0x00000000     0x383c ./Build/User/main.o
 .debug_loc     0x0000383c     0x15b2 ./Build/User/py32f002b_it.o
 .debug_loc     0x00004dee      0xa6f ./Build/Libraries/PY32F002B_LL_Driver/Src/py32f002b_ll_flash.o
 .debug_loc     0x0000585d      0x1a9 ./Build/Libraries/PY32F002B_LL_Driver/Src/py32f002b_ll_utils.o
 .debug_loc     0x00005a06       0x67 ./Build/Libraries/CMSIS/Device/PY32F0xx/Source/system_py32f002b.o

.debug_aranges  0x00000000      0x2e8
 .debug_aranges
                0x00000000      0x140 ./Build/User/main.o
 .debug_aranges
                0x00000140       0x58 ./Build/User/py32f002b_it.o
 .debug_aranges
                0x00000198       0xc8 ./Build/Libraries/PY32F002B_LL_Driver/Src/py32f002b_ll_flash.o
 .debug_aranges
                0x00000260       0x38 ./Build/Libraries/PY32F002B_LL_Driver/Src/py32f002b_ll_utils.o
 .debug_aranges
                0x00000298       0x28 ./Build/Libraries/CMSIS/Device/PY32F0xx/Source/system_py32f002b.o
 .debug_aranges
                0x000002c0       0x28 ./Build/Libraries/CMSIS/Device/PY32F0xx/Source/gcc/startup_py32f002b.o

.debug_ranges   0x00000000     0x1138
 .debug_ranges  0x00000000      0xaa0 ./Build/User/main.o
 .debug_ranges  0x00000aa0      0x478 ./Build/User/py32f002b_it.o
 .debug_ranges  0x00000f18      0x138 ./Build/Libraries/PY32F002B_LL_Driver/Src/py32f002b_ll_flash.o
 .debug_ranges  0x00001050       0x98 ./Build/Libraries/PY32F002B_LL_Driver/Src/py32f002b_ll_utils.o
 .debug_ranges  0x000010e8       0x30 ./Build/Libraries/CMSIS/Device/PY32F0xx/Source/system_py32f002b.o
 .debug_ranges  0x00001118       0x20 ./Build/Libraries/CMSIS/Device/PY32F0xx/Source/gcc/startup_py32f002b.o

.debug_line     0x00000000     0x87a1
 .debug_line    0x00000000     0x5d6c ./Build/User/main.o
 .debug_line    0x00005d6c     0x14c3 ./Build/User/py32f002b_it.o
 .debug_line    0x0000722f      0xe21 ./Build/Libraries/PY32F002B_LL_Driver/Src/py32f002b_ll_flash.o
 .debug_line    0x00008050      0x3e7 ./Build/Libraries/PY32F002B_LL_Driver/Src/py32f002b_ll_utils.o
 .debug_line    0x00008437      0x2ca ./Build/Libraries/CMSIS/Device/PY32F0xx/Source/system_py32f002b.o
 .debug_line    0x00008701       0xa0 ./Build/Libraries/CMSIS/Device/PY32F0xx/Source/gcc/startup_py32f002b.o

.debug_str      0x00000000     0x1757
 .debug_str     0x00000000     0x1757 ./Build/User/main.o
                               0x13d0 (size before relaxing)
 .debug_str     0x00001757      0x6da ./Build/User/py32f002b_it.o
 .debug_str     0x00001757      0x743 ./Build/Libraries/PY32F002B_LL_Driver/Src/py32f002b_ll_flash.o
 .debug_str     0x00001757      0x328 ./Build/Libraries/PY32F002B_LL_Driver/Src/py32f002b_ll_utils.o
 .debug_str     0x00001757      0x2e4 ./Build/Libraries/CMSIS/Device/PY32F0xx/Source/system_py32f002b.o
 .debug_str     0x00001757       0x89 ./Build/Libraries/CMSIS/Device/PY32F0xx/Source/gcc/startup_py32f002b.o

.comment        0x00000000       0x44
 .comment       0x00000000       0x44 ./Build/User/main.o
                                 0x45 (size before relaxing)
 .comment       0x00000044       0x45 ./Build/User/py32f002b_it.o
 .comment       0x00000044       0x45 ./Build/Libraries/PY32F002B_LL_Driver/Src/py32f002b_ll_flash.o
 .comment       0x00000044       0x45 ./Build/Libraries/PY32F002B_LL_Driver/Src/py32f002b_ll_utils.o
 .comment       0x00000044       0x45 ./Build/Libraries/CMSIS/Device/PY32F0xx/Source/system_py32f002b.o

.debug_line_str
                0x00000000      0x1bc
 .debug_line_str
                0x00000000      0x1bc C:/Program Files (x86)/Arm GNU Toolchain arm-none-eabi/13.2 Rel1/bin/../lib/gcc/arm-none-eabi/13.2.1/thumb/v6-m/nofp\libgcc.a(_thumb1_case_uqi.o)
                                 0xc9 (size before relaxing)
 .debug_line_str
                0x000001bc       0xc9 C:/Program Files (x86)/Arm GNU Toolchain arm-none-eabi/13.2 Rel1/bin/../lib/gcc/arm-none-eabi/13.2.1/thumb/v6-m/nofp\libgcc.a(_thumb1_case_uhi.o)
 .debug_line_str
                0x000001bc       0xc9 C:/Program Files (x86)/Arm GNU Toolchain arm-none-eabi/13.2 Rel1/bin/../lib/gcc/arm-none-eabi/13.2.1/thumb/v6-m/nofp\libgcc.a(_udivsi3.o)
 .debug_line_str
                0x000001bc       0xc9 C:/Program Files (x86)/Arm GNU Toolchain arm-none-eabi/13.2 Rel1/bin/../lib/gcc/arm-none-eabi/13.2.1/thumb/v6-m/nofp\libgcc.a(_divsi3.o)
 .debug_line_str
                0x000001bc       0xc9 C:/Program Files (x86)/Arm GNU Toolchain arm-none-eabi/13.2 Rel1/bin/../lib/gcc/arm-none-eabi/13.2.1/thumb/v6-m/nofp\libgcc.a(_dvmd_tls.o)
 .debug_line_str
                0x000001bc       0xc9 C:/Program Files (x86)/Arm GNU Toolchain arm-none-eabi/13.2 Rel1/bin/../lib/gcc/arm-none-eabi/13.2.1/thumb/v6-m/nofp\libgcc.a(_aeabi_ldivmod.o)
 .debug_line_str
                0x000001bc       0xc9 C:/Program Files (x86)/Arm GNU Toolchain arm-none-eabi/13.2 Rel1/bin/../lib/gcc/arm-none-eabi/13.2.1/thumb/v6-m/nofp\libgcc.a(_clzdi2.o)
 .debug_line_str
                0x000001bc       0xc9 C:/Program Files (x86)/Arm GNU Toolchain arm-none-eabi/13.2 Rel1/bin/../lib/gcc/arm-none-eabi/13.2.1/thumb/v6-m/nofp\libgcc.a(_clzsi2.o)
 .debug_line_str
                0x000001bc       0xe7 C:/Program Files (x86)/Arm GNU Toolchain arm-none-eabi/13.2 Rel1/bin/../lib/gcc/arm-none-eabi/13.2.1/thumb/v6-m/nofp\libc_nano.a(libc_a-strlen.o)
